C51 COMPILER V9.02   TEST                                                                  12/11/2014 10:38:41 PAGE 1   


C51 COMPILER V9.02, COMPILATION OF MODULE TEST
OBJECT MODULE PLACED IN .\obj\Test.obj
COMPILER INVOKED BY: d:\Keil\C51\BIN\C51.EXE src\Test.c LARGE BROWSE DEBUG OBJECTEXTEND PRINT(.\lst\Test.lst) OBJECT(.\o
                    -bj\Test.obj)

line level    source

   1          #include <string.h>
   2          
   3          #include "..\inc\IS8U256X.h"
   4          
   5          #include "..\inc\IS8U256A_SpiSlave.h"
   6          
   7          #include "..\inc\IS8U256A_GPIO.h"
   8          
   9          unsigned char xdata Buff_for_Test[64] _at_ 0x1000;
  10          
  11          #define DATA_LENGTH             16
  12          
  13          void main(void)
  14          {
  15   1              unsigned char xdata i;
  16   1      
  17   1              CFCR = 0x00;
  18   1      
  19   1              GPIOInit();
  20   1      
  21   1         /*****************************************
  22   1              *GPIO_PIN20设置为输出模式后，默认为高电平
  23   1              *****************************************/
  24   1              GPIOSetOutput(GPIO_PIN_20);
  25   1              GPIOReset(GPIO_PIN_20);
  26   1      
  27   1              SpiSlaveInit();
  28   1      
  29   1              while(1)
  30   1              {
  31   2                      memset(Buff_for_Test,0x0,sizeof Buff_for_Test);
  32   2      
  33   2                      /*Receive Data*/
  34   2                      SpiTransmitData((void *)0,Buff_for_Test,DATA_LENGTH);
  35   2                      for(i=0;i<DATA_LENGTH;i++)
  36   2                              if(0xAA!=Buff_for_Test[i])
  37   2                                      goto Error;
  38   2      
  39   2                      /*Send Data*/
  40   2                      memset(Buff_for_Test,0x88,sizeof Buff_for_Test);
  41   2                      SpiTransmitData(&Buff_for_Test[0],(void *)0,DATA_LENGTH);
  42   2      
  43   2              }
  44   1      
  45   1      Error:
  46   1              while(1);
  47   1      
  48   1      }


MODULE INFORMATION:   STATIC OVERLAYABLE
   CODE SIZE        =    111    ----
   CONSTANT SIZE    =   ----    ----
   XDATA SIZE       =   ----    ----
C51 COMPILER V9.02   TEST                                                                  12/11/2014 10:38:41 PAGE 2   

   PDATA SIZE       =   ----    ----
   DATA SIZE        =   ----    ----
   IDATA SIZE       =   ----    ----
   BIT SIZE         =   ----    ----
END OF MODULE INFORMATION.


C51 COMPILATION COMPLETE.  0 WARNING(S),  0 ERROR(S)
