ARM Linker, 4.1 [Build 791] [Standard]

==============================================================================

Section Cross References

    startup.o(STACK) refers (Special) to heapauxi.o(.text) for __use_two_region_memory
    startup.o(HEAP) refers (Special) to heapauxi.o(.text) for __use_two_region_memory
    startup.o(RESET) refers (Special) to heapauxi.o(.text) for __use_two_region_memory
    startup.o(RESET) refers to ciu98320a_interrupt.o(.text) for Timer1IrqHandler
    startup.o(RESET) refers to startup.o(STACK) for Stack_Top
    startup.o(RESET) refers to __main.o(!!!main) for __main
    startup.o(.text) refers (Special) to heapauxi.o(.text) for __use_two_region_memory
    startup.o(.text) refers to startup.o(HEAP) for Heap_Mem
    startup.o(.text) refers to startup.o(STACK) for Stack_Mem
    ciu98320a_main.o(.text) refers to ciu98320a_sysclk.o(.text) for SysClkInit
    ciu98320a_main.o(.text) refers to ciu98320a_gpio.o(.text) for GpioInit
    ciu98320a_main.o(.text) refers to ciu98320a_i2c_master.o(.text) for I2CCtrlInit
    ciu98320a_main.o(.text) refers to aeabi_memset.o(.text) for __aeabi_memset
    ciu98320a_main.o(.text) refers to rt_memclr.o(.text) for __aeabi_memclr
    ciu98320a_main.o(.text) refers to ciu98320a_main.o(.bss) for TxBuff_For_Test
    aeabi_memset.o(.text) refers to rt_memclr.o(.text) for _memset
    rt_memclr.o(.text) refers to rt_memclr_w.o(.text) for _memset_w
    __main.o(!!!main) refers to rtentry.o(.ARM.Collect$$rtentry$$00000000) for __rt_entry
    rtentry.o(.ARM.Collect$$rtentry$$00000000) refers (Special) to rtentry2.o(.ARM.Collect$$rtentry$$0000000A) for __rt_entry_li
    rtentry.o(.ARM.Collect$$rtentry$$00000000) refers (Special) to rtentry2.o(.ARM.Collect$$rtentry$$0000000D) for __rt_entry_main
    rtentry.o(.ARM.Collect$$rtentry$$00000000) refers (Special) to rtentry2.o(.ARM.Collect$$rtentry$$0000000C) for __rt_entry_postli_1
    rtentry.o(.ARM.Collect$$rtentry$$00000000) refers (Special) to rtentry2.o(.ARM.Collect$$rtentry$$00000009) for __rt_entry_postsh_1
    rtentry.o(.ARM.Collect$$rtentry$$00000000) refers (Special) to rtentry2.o(.ARM.Collect$$rtentry$$00000002) for __rt_entry_presh_1
    rtentry.o(.ARM.Collect$$rtentry$$00000000) refers (Special) to rtentry4.o(.ARM.Collect$$rtentry$$00000004) for __rt_entry_sh
    rtentry2.o(.ARM.Collect$$rtentry$$00000008) refers to boardinit2.o(.text) for _platform_post_stackheap_init
    rtentry2.o(.ARM.Collect$$rtentry$$0000000A) refers to libinit.o(.ARM.Collect$$libinit$$00000000) for __rt_lib_init
    rtentry2.o(.ARM.Collect$$rtentry$$0000000B) refers to boardinit3.o(.text) for _platform_post_lib_init
    rtentry2.o(.ARM.Collect$$rtentry$$0000000D) refers to exit.o(.text) for exit
    rtentry2.o(.ARM.Collect$$rtentry$$0000000D) refers to ciu98320a_main.o(.text) for main
    rtentry2.o(.ARM.exidx) refers to rtentry2.o(.ARM.Collect$$rtentry$$00000001) for .ARM.Collect$$rtentry$$00000001
    rtentry2.o(.ARM.exidx) refers to rtentry2.o(.ARM.Collect$$rtentry$$00000008) for .ARM.Collect$$rtentry$$00000008
    rtentry2.o(.ARM.exidx) refers to rtentry2.o(.ARM.Collect$$rtentry$$0000000A) for .ARM.Collect$$rtentry$$0000000A
    rtentry2.o(.ARM.exidx) refers to rtentry2.o(.ARM.Collect$$rtentry$$0000000B) for .ARM.Collect$$rtentry$$0000000B
    rtentry2.o(.ARM.exidx) refers to rtentry2.o(.ARM.Collect$$rtentry$$0000000D) for .ARM.Collect$$rtentry$$0000000D
    rtentry4.o(.ARM.Collect$$rtentry$$00000004) refers to sys_stackheap_outer.o(.text) for __user_setup_stackheap
    rtentry4.o(.ARM.exidx) refers to rtentry4.o(.ARM.Collect$$rtentry$$00000004) for .ARM.Collect$$rtentry$$00000004
    sys_stackheap_outer.o(.text) refers to libspace.o(.text) for __user_perproc_libspace
    sys_stackheap_outer.o(.text) refers to startup.o(.text) for __user_initial_stackheap
    exit.o(.text) refers to rtexit.o(.ARM.Collect$$rtexit$$00000000) for __rt_exit
    libinit.o(.ARM.Collect$$libinit$$00000000) refers (Special) to libinit2.o(.ARM.Collect$$libinit$$0000002A) for __rt_lib_init_alloca_1
    libinit.o(.ARM.Collect$$libinit$$00000000) refers (Special) to libinit2.o(.ARM.Collect$$libinit$$00000028) for __rt_lib_init_argv_1
    libinit.o(.ARM.Collect$$libinit$$00000000) refers (Special) to libinit2.o(.ARM.Collect$$libinit$$00000017) for __rt_lib_init_atexit_1
    libinit.o(.ARM.Collect$$libinit$$00000000) refers (Special) to libinit2.o(.ARM.Collect$$libinit$$0000001D) for __rt_lib_init_clock_1
    libinit.o(.ARM.Collect$$libinit$$00000000) refers (Special) to libinit2.o(.ARM.Collect$$libinit$$0000002E) for __rt_lib_init_cpp_1
    libinit.o(.ARM.Collect$$libinit$$00000000) refers (Special) to libinit2.o(.ARM.Collect$$libinit$$0000002C) for __rt_lib_init_exceptions_1
    libinit.o(.ARM.Collect$$libinit$$00000000) refers (Special) to libinit2.o(.ARM.Collect$$libinit$$0000001B) for __rt_lib_init_fp_trap_1
    libinit.o(.ARM.Collect$$libinit$$00000000) refers (Special) to libinit2.o(.ARM.Collect$$libinit$$0000001F) for __rt_lib_init_getenv_1
    libinit.o(.ARM.Collect$$libinit$$00000000) refers (Special) to libinit2.o(.ARM.Collect$$libinit$$00000006) for __rt_lib_init_heap_1
    libinit.o(.ARM.Collect$$libinit$$00000000) refers (Special) to libinit2.o(.ARM.Collect$$libinit$$0000000D) for __rt_lib_init_lc_collate_1
    libinit.o(.ARM.Collect$$libinit$$00000000) refers (Special) to libinit2.o(.ARM.Collect$$libinit$$0000000F) for __rt_lib_init_lc_ctype_1
    libinit.o(.ARM.Collect$$libinit$$00000000) refers (Special) to libinit2.o(.ARM.Collect$$libinit$$00000011) for __rt_lib_init_lc_monetary_1
    libinit.o(.ARM.Collect$$libinit$$00000000) refers (Special) to libinit2.o(.ARM.Collect$$libinit$$00000013) for __rt_lib_init_lc_numeric_1
    libinit.o(.ARM.Collect$$libinit$$00000000) refers (Special) to libinit2.o(.ARM.Collect$$libinit$$00000015) for __rt_lib_init_lc_time_1
    libinit.o(.ARM.Collect$$libinit$$00000000) refers (Special) to libinit2.o(.ARM.Collect$$libinit$$0000000A) for __rt_lib_init_rand_1
    libinit.o(.ARM.Collect$$libinit$$00000000) refers (Special) to libinit2.o(.ARM.Collect$$libinit$$0000002F) for __rt_lib_init_return
    libinit.o(.ARM.Collect$$libinit$$00000000) refers (Special) to libinit2.o(.ARM.Collect$$libinit$$00000019) for __rt_lib_init_signal_1
    libinit.o(.ARM.Collect$$libinit$$00000000) refers (Special) to libinit2.o(.ARM.Collect$$libinit$$00000021) for __rt_lib_init_stdio_1
    libinit.o(.ARM.Collect$$libinit$$00000000) refers (Special) to libinit2.o(.ARM.Collect$$libinit$$00000008) for __rt_lib_init_user_alloc_1
    libinit.o(.ARM.Collect$$libinit$$00000000) refers to fpinit.o(x$fpl$fpinit) for _fp_init
    libspace.o(.text) refers to libspace.o(.bss) for __libspace_start
    rtexit.o(.ARM.Collect$$rtexit$$00000000) refers (Special) to rtexit2.o(.ARM.Collect$$rtexit$$00000004) for __rt_exit_exit
    rtexit.o(.ARM.Collect$$rtexit$$00000000) refers (Special) to rtexit2.o(.ARM.Collect$$rtexit$$00000003) for __rt_exit_ls
    rtexit.o(.ARM.Collect$$rtexit$$00000000) refers (Special) to rtexit2.o(.ARM.Collect$$rtexit$$00000002) for __rt_exit_prels_1
    rtexit.o(.ARM.exidx) refers (Special) to rtexit2.o(.ARM.Collect$$rtexit$$00000004) for __rt_exit_exit
    rtexit.o(.ARM.exidx) refers (Special) to rtexit2.o(.ARM.Collect$$rtexit$$00000003) for __rt_exit_ls
    rtexit.o(.ARM.exidx) refers (Special) to rtexit2.o(.ARM.Collect$$rtexit$$00000002) for __rt_exit_prels_1
    rtexit.o(.ARM.exidx) refers to rtexit.o(.ARM.Collect$$rtexit$$00000000) for .ARM.Collect$$rtexit$$00000000
    libinit2.o(.ARM.Collect$$libinit$$0000000C) refers to libinit2.o(.ARM.Collect$$libinit$$0000000B) for .ARM.Collect$$libinit$$0000000B
    libinit2.o(.ARM.Collect$$libinit$$0000000E) refers to libinit2.o(.ARM.Collect$$libinit$$0000000B) for .ARM.Collect$$libinit$$0000000B
    libinit2.o(.ARM.Collect$$libinit$$00000010) refers to libinit2.o(.ARM.Collect$$libinit$$0000000B) for .ARM.Collect$$libinit$$0000000B
    libinit2.o(.ARM.Collect$$libinit$$00000012) refers to libinit2.o(.ARM.Collect$$libinit$$0000000B) for .ARM.Collect$$libinit$$0000000B
    libinit2.o(.ARM.Collect$$libinit$$00000014) refers to libinit2.o(.ARM.Collect$$libinit$$0000000B) for .ARM.Collect$$libinit$$0000000B
    libinit2.o(.ARM.Collect$$libinit$$00000022) refers to argv_veneer.o(.emb_text) for __ARM_argv_veneer
    libinit2.o(.ARM.Collect$$libinit$$00000023) refers to argv_veneer.o(.emb_text) for __ARM_argv_veneer
    fpinit.o(x$fpl$fpinit) refers to rt_fp_status_addr_intlibspace.o(.text) for __rt_fp_status_addr
    rtexit2.o(.ARM.Collect$$rtexit$$00000003) refers to libshutdown.o(.ARM.Collect$$libshutdown$$00000000) for __rt_lib_shutdown
    rtexit2.o(.ARM.Collect$$rtexit$$00000004) refers to sys_exit.o(.text) for _sys_exit
    rtexit2.o(.ARM.exidx) refers to rtexit2.o(.ARM.Collect$$rtexit$$00000001) for .ARM.Collect$$rtexit$$00000001
    rtexit2.o(.ARM.exidx) refers to rtexit2.o(.ARM.Collect$$rtexit$$00000003) for .ARM.Collect$$rtexit$$00000003
    rtexit2.o(.ARM.exidx) refers to rtexit2.o(.ARM.Collect$$rtexit$$00000004) for .ARM.Collect$$rtexit$$00000004
    rt_fp_status_addr.o(.text) refers to rt_fp_status_addr.o(.bss) for __rt_fp_status_addr_data
    rt_fp_status_addr_intlibspace.o(.text) refers to libspace.o(.bss) for __libspace_start
    argv_veneer.o(.emb_text) refers to no_argv.o(.text) for __ARM_get_argv
    sys_exit.o(.text) refers (Special) to use_no_semi.o(.text) for __I$use$semihosting
    sys_exit.o(.text) refers (Special) to indicate_semi.o(.text) for __semihosting_library_function
    _get_argv_nomalloc.o(.text) refers (Special) to hrguard.o(.text) for __heap_region$guard
    _get_argv_nomalloc.o(.text) refers to defsig_rtmem_outer.o(.text) for __rt_SIGRTMEM
    _get_argv_nomalloc.o(.text) refers to sys_command.o(.text) for _sys_command_string
    libshutdown.o(.ARM.Collect$$libshutdown$$00000000) refers (Special) to libshutdown2.o(.ARM.Collect$$libshutdown$$00000006) for __rt_lib_shutdown_fp_trap_1
    libshutdown.o(.ARM.Collect$$libshutdown$$00000000) refers (Special) to libshutdown2.o(.ARM.Collect$$libshutdown$$0000000E) for __rt_lib_shutdown_heap_1
    libshutdown.o(.ARM.Collect$$libshutdown$$00000000) refers (Special) to libshutdown2.o(.ARM.Collect$$libshutdown$$0000000F) for __rt_lib_shutdown_return
    libshutdown.o(.ARM.Collect$$libshutdown$$00000000) refers (Special) to libshutdown2.o(.ARM.Collect$$libshutdown$$00000009) for __rt_lib_shutdown_signal_1
    libshutdown.o(.ARM.Collect$$libshutdown$$00000000) refers (Special) to libshutdown2.o(.ARM.Collect$$libshutdown$$00000003) for __rt_lib_shutdown_stdio_1
    libshutdown.o(.ARM.Collect$$libshutdown$$00000000) refers (Special) to libshutdown2.o(.ARM.Collect$$libshutdown$$0000000B) for __rt_lib_shutdown_user_alloc_1
    sys_command.o(.text) refers (Special) to use_no_semi.o(.text) for __I$use$semihosting
    sys_command.o(.text) refers (Special) to indicate_semi.o(.text) for __semihosting_library_function
    defsig_rtmem_outer.o(.text) refers to defsig_rtmem_inner.o(.text) for __rt_SIGRTMEM_inner
    defsig_rtmem_outer.o(.text) refers to defsig_exit.o(.text) for __sig_exit
    defsig_rtmem_formal.o(.text) refers to rt_raise.o(.text) for __rt_raise
    rt_raise.o(.text) refers to __raise.o(.text) for __raise
    rt_raise.o(.text) refers to sys_exit.o(.text) for _sys_exit
    defsig_exit.o(.text) refers to sys_exit.o(.text) for _sys_exit
    defsig_rtmem_inner.o(.text) refers to defsig_general.o(.text) for __default_signal_display
    __raise.o(.text) refers to __raise.o(i.__ARM_common_call_via_r2) for __ARM_common_call_via_r2
    __raise.o(.text) refers to defsig.o(CL$$defsig) for __default_signal_handler
    defsig_general.o(.text) refers to sys_wrch.o(.text) for _ttywrch
    sys_wrch.o(.text) refers (Special) to use_no_semi.o(.text) for __I$use$semihosting
    sys_wrch.o(.text) refers (Special) to indicate_semi.o(.text) for __semihosting_library_function
    defsig.o(CL$$defsig) refers to defsig_rtmem_inner.o(.text) for __rt_SIGRTMEM_inner
    defsig_abrt_inner.o(.text) refers to defsig_general.o(.text) for __default_signal_display
    defsig_fpe_inner.o(.text) refers to defsig_general.o(.text) for __default_signal_display
    defsig_rtred_inner.o(.text) refers to defsig_general.o(.text) for __default_signal_display
    defsig_stak_inner.o(.text) refers to defsig_general.o(.text) for __default_signal_display
    defsig_pvfn_inner.o(.text) refers to defsig_general.o(.text) for __default_signal_display
    defsig_cppl_inner.o(.text) refers to defsig_general.o(.text) for __default_signal_display
    defsig_segv_inner.o(.text) refers to defsig_general.o(.text) for __default_signal_display
    defsig_other.o(.text) refers to defsig_general.o(.text) for __default_signal_display


==============================================================================

Adding Veneers to the image

    Adding AT veneer (8 bytes, Inline) for call to '__rt_lib_init' from rtentry2.o(.ARM.Collect$$rtentry$$0000000A).
    Adding AT veneer (8 bytes, Inline) for call to '__rt_lib_shutdown' from rtexit2.o(.ARM.Collect$$rtexit$$00000003).
    Adding TA veneer (4 bytes, Inline) for call to '__rt_exit' from exit.o(.text).
    Adding AT veneer (8 bytes, Inline) for call to '_sys_exit' from rtexit2.o(.ARM.Collect$$rtexit$$00000004).
    Adding TA veneer (4 bytes, Inline) for call to '_fp_init' from libinit.o(.ARM.Collect$$libinit$$00000000).

5 Veneer(s) (total 32 bytes) added to the image.

==============================================================================

Image Symbol Table

    Local Symbols

    Symbol Name                              Value     Ov Type        Size  Object(Section)

    RESET                                    0x00000000   Section      956  startup.o(RESET)
    ../../angel/boardlib.s                   0x00000000   Number         0  boardshut.o ABSOLUTE
    ../../angel/boardlib.s                   0x00000000   Number         0  boardinit2.o ABSOLUTE
    ../../angel/boardlib.s                   0x00000000   Number         0  boardinit1.o ABSOLUTE
    ../../angel/boardlib.s                   0x00000000   Number         0  boardinit3.o ABSOLUTE
    ../../angel/handlers.s                   0x00000000   Number         0  __scatter_zi.o ABSOLUTE
    ../../angel/kernel.s                     0x00000000   Number         0  rtentry.o ABSOLUTE
    ../../angel/kernel.s                     0x00000000   Number         0  rtexit2.o ABSOLUTE
    ../../angel/kernel.s                     0x00000000   Number         0  rtexit.o ABSOLUTE
    ../../angel/kernel.s                     0x00000000   Number         0  rtentry4.o ABSOLUTE
    ../../angel/kernel.s                     0x00000000   Number         0  rtentry2.o ABSOLUTE
    ../../angel/rt.s                         0x00000000   Number         0  rt_raise.o ABSOLUTE
    ../../angel/rt.s                         0x00000000   Number         0  rt_fp_status_addr_intlibspace.o ABSOLUTE
    ../../angel/rt.s                         0x00000000   Number         0  rt_fp_status_addr.o ABSOLUTE
    ../../angel/scatter.s                    0x00000000   Number         0  __scatter.o ABSOLUTE
    ../../angel/startup.s                    0x00000000   Number         0  __main.o ABSOLUTE
    ../../angel/sys.s                        0x00000000   Number         0  use_no_semi.o ABSOLUTE
    ../../angel/sys.s                        0x00000000   Number         0  libspace.o ABSOLUTE
    ../../angel/sys.s                        0x00000000   Number         0  sys_stackheap_outer.o ABSOLUTE
    ../../angel/sys.s                        0x00000000   Number         0  indicate_semi.o ABSOLUTE
    ../../angel/sysapp.c                     0x00000000   Number         0  sys_exit.o ABSOLUTE
    ../../angel/sysapp.c                     0x00000000   Number         0  sys_command.o ABSOLUTE
    ../../angel/sysapp.c                     0x00000000   Number         0  sys_wrch.o ABSOLUTE
    ../../armsys.c                           0x00000000   Number         0  argv_veneer.o ABSOLUTE
    ../../armsys.c                           0x00000000   Number         0  argv_veneer.o ABSOLUTE
    ../../armsys.c                           0x00000000   Number         0  no_argv.o ABSOLUTE
    ../../armsys.c                           0x00000000   Number         0  _get_argv_nomalloc.o ABSOLUTE
    ../../fpinit.s                           0x00000000   Number         0  fpinit.o ABSOLUTE
    ../../heapalloc.c                        0x00000000   Number         0  hrguard.o ABSOLUTE
    ../../heapaux.c                          0x00000000   Number         0  heapauxi.o ABSOLUTE
    ../../libinit.s                          0x00000000   Number         0  libinit2.o ABSOLUTE
    ../../libinit.s                          0x00000000   Number         0  libinit.o ABSOLUTE
    ../../libinit.s                          0x00000000   Number         0  libshutdown.o ABSOLUTE
    ../../libinit.s                          0x00000000   Number         0  libshutdown2.o ABSOLUTE
    ../../memcpset.s                         0x00000000   Number         0  rt_memclr.o ABSOLUTE
    ../../memcpset.s                         0x00000000   Number         0  aeabi_memset.o ABSOLUTE
    ../../memcpset.s                         0x00000000   Number         0  rt_memclr_w.o ABSOLUTE
    ../../signal.c                           0x00000000   Number         0  defsig_rtmem_inner.o ABSOLUTE
    ../../signal.c                           0x00000000   Number         0  defsig_other.o ABSOLUTE
    ../../signal.c                           0x00000000   Number         0  defsig_segv_inner.o ABSOLUTE
    ../../signal.c                           0x00000000   Number         0  defsig_general.o ABSOLUTE
    ../../signal.c                           0x00000000   Number         0  __raise.o ABSOLUTE
    ../../signal.c                           0x00000000   Number         0  defsig_rtred_inner.o ABSOLUTE
    ../../signal.c                           0x00000000   Number         0  defsig_rtmem_outer.o ABSOLUTE
    ../../signal.c                           0x00000000   Number         0  defsig_stak_inner.o ABSOLUTE
    ../../signal.c                           0x00000000   Number         0  defsig_fpe_inner.o ABSOLUTE
    ../../signal.c                           0x00000000   Number         0  defsig_exit.o ABSOLUTE
    ../../signal.c                           0x00000000   Number         0  defsig_abrt_inner.o ABSOLUTE
    ../../signal.c                           0x00000000   Number         0  defsig_pvfn_inner.o ABSOLUTE
    ../../signal.c                           0x00000000   Number         0  defsig_cppl_inner.o ABSOLUTE
    ../../signal.c                           0x00000000   Number         0  defsig_rtmem_formal.o ABSOLUTE
    ../../signal.s                           0x00000000   Number         0  defsig.o ABSOLUTE
    ../../stdlib.c                           0x00000000   Number         0  exit.o ABSOLUTE
    ..\Src\CIU98320A_gpio.c                  0x00000000   Number         0  ciu98320a_gpio.o ABSOLUTE
    ..\Src\CIU98320A_i2c_master.c            0x00000000   Number         0  ciu98320a_i2c_master.o ABSOLUTE
    ..\Src\CIU98320A_interrupt.c             0x00000000   Number         0  ciu98320a_interrupt.o ABSOLUTE
    ..\Src\CIU98320A_main.c                  0x00000000   Number         0  ciu98320a_main.o ABSOLUTE
    ..\Src\CIU98320A_sysclk.c                0x00000000   Number         0  ciu98320a_sysclk.o ABSOLUTE
    ..\Startup\Startup.s                     0x00000000   Number         0  startup.o ABSOLUTE
    dc.s                                     0x00000000   Number         0  dc.o ABSOLUTE
    Soft_Reset                               0x00000060   ARM Code       4  startup.o(RESET)
    Undef_Handler                            0x00000064   ARM Code       4  startup.o(RESET)
    SWI_Handler_t                            0x00000068   ARM Code       4  startup.o(RESET)
    PAbt_Handler_t                           0x0000006c   ARM Code       4  startup.o(RESET)
    DAbt_Handler_t                           0x00000070   ARM Code       4  startup.o(RESET)
    IRQ_Handler_t                            0x00000074   ARM Code       4  startup.o(RESET)
    FIQ_Handler_t                            0x00000078   ARM Code       4  startup.o(RESET)
    Interrupt_Vector_Table                   0x00000080   ARM Code       0  startup.o(RESET)
    !!!main                                  0x000003bc   Section        8  __main.o(!!!main)
    !!!scatter                               0x000003c4   Section       60  __scatter.o(!!!scatter)
    !!handler_zi                             0x00000400   Section       44  __scatter_zi.o(!!handler_zi)
    .ARM.Collect$$libinit$$00000000          0x00000434   Section        6  libinit.o(.ARM.Collect$$libinit$$00000000)
    .ARM.Collect$$libinit$$00000006          0x0000043a   Section        0  libinit2.o(.ARM.Collect$$libinit$$00000006)
    .ARM.Collect$$libinit$$00000008          0x0000043a   Section        0  libinit2.o(.ARM.Collect$$libinit$$00000008)
    .ARM.Collect$$libinit$$0000000A          0x0000043a   Section        0  libinit2.o(.ARM.Collect$$libinit$$0000000A)
    .ARM.Collect$$libinit$$0000000D          0x0000043a   Section        0  libinit2.o(.ARM.Collect$$libinit$$0000000D)
    .ARM.Collect$$libinit$$0000000F          0x0000043a   Section        0  libinit2.o(.ARM.Collect$$libinit$$0000000F)
    .ARM.Collect$$libinit$$00000011          0x0000043a   Section        0  libinit2.o(.ARM.Collect$$libinit$$00000011)
    .ARM.Collect$$libinit$$00000013          0x0000043a   Section        0  libinit2.o(.ARM.Collect$$libinit$$00000013)
    .ARM.Collect$$libinit$$00000015          0x0000043a   Section        0  libinit2.o(.ARM.Collect$$libinit$$00000015)
    .ARM.Collect$$libinit$$00000017          0x0000043a   Section        0  libinit2.o(.ARM.Collect$$libinit$$00000017)
    .ARM.Collect$$libinit$$00000019          0x0000043a   Section        0  libinit2.o(.ARM.Collect$$libinit$$00000019)
    .ARM.Collect$$libinit$$0000001B          0x0000043a   Section        0  libinit2.o(.ARM.Collect$$libinit$$0000001B)
    .ARM.Collect$$libinit$$0000001D          0x0000043a   Section        0  libinit2.o(.ARM.Collect$$libinit$$0000001D)
    .ARM.Collect$$libinit$$0000001F          0x0000043a   Section        0  libinit2.o(.ARM.Collect$$libinit$$0000001F)
    .ARM.Collect$$libinit$$00000021          0x0000043a   Section        0  libinit2.o(.ARM.Collect$$libinit$$00000021)
    .ARM.Collect$$libinit$$00000028          0x0000043a   Section        0  libinit2.o(.ARM.Collect$$libinit$$00000028)
    .ARM.Collect$$libinit$$0000002A          0x0000043a   Section        0  libinit2.o(.ARM.Collect$$libinit$$0000002A)
    .ARM.Collect$$libinit$$0000002C          0x0000043a   Section        0  libinit2.o(.ARM.Collect$$libinit$$0000002C)
    .ARM.Collect$$libinit$$0000002E          0x0000043a   Section        0  libinit2.o(.ARM.Collect$$libinit$$0000002E)
    .ARM.Collect$$libinit$$0000002F          0x0000043a   Section       12  libinit2.o(.ARM.Collect$$libinit$$0000002F)
    .ARM.Collect$$libshutdown$$00000000      0x00000450   Section        4  libshutdown.o(.ARM.Collect$$libshutdown$$00000000)
    .ARM.Collect$$libshutdown$$00000003      0x00000454   Section        0  libshutdown2.o(.ARM.Collect$$libshutdown$$00000003)
    .ARM.Collect$$libshutdown$$00000006      0x00000454   Section        0  libshutdown2.o(.ARM.Collect$$libshutdown$$00000006)
    .ARM.Collect$$libshutdown$$00000009      0x00000454   Section        0  libshutdown2.o(.ARM.Collect$$libshutdown$$00000009)
    .ARM.Collect$$libshutdown$$0000000B      0x00000454   Section        0  libshutdown2.o(.ARM.Collect$$libshutdown$$0000000B)
    .ARM.Collect$$libshutdown$$0000000E      0x00000454   Section        0  libshutdown2.o(.ARM.Collect$$libshutdown$$0000000E)
    .ARM.Collect$$libshutdown$$0000000F      0x00000454   Section        6  libshutdown2.o(.ARM.Collect$$libshutdown$$0000000F)
    .ARM.Collect$$rtentry$$00000000          0x0000045c   Section        0  rtentry.o(.ARM.Collect$$rtentry$$00000000)
    .ARM.Collect$$rtentry$$00000002          0x0000045c   Section        0  rtentry2.o(.ARM.Collect$$rtentry$$00000002)
    .ARM.Collect$$rtentry$$00000004          0x0000045c   Section        8  rtentry4.o(.ARM.Collect$$rtentry$$00000004)
    .ARM.Collect$$rtentry$$00000009          0x00000464   Section        0  rtentry2.o(.ARM.Collect$$rtentry$$00000009)
    .ARM.Collect$$rtentry$$0000000A          0x00000464   Section        4  rtentry2.o(.ARM.Collect$$rtentry$$0000000A)
    .ARM.Collect$$rtentry$$0000000C          0x00000468   Section        0  rtentry2.o(.ARM.Collect$$rtentry$$0000000C)
    .ARM.Collect$$rtentry$$0000000D          0x00000468   Section       40  rtentry2.o(.ARM.Collect$$rtentry$$0000000D)
    .ARM.Collect$$rtexit$$00000000           0x00000494   Section        4  rtexit.o(.ARM.Collect$$rtexit$$00000000)
    .ARM.Collect$$rtexit$$00000002           0x00000498   Section        0  rtexit2.o(.ARM.Collect$$rtexit$$00000002)
    .ARM.Collect$$rtexit$$00000003           0x00000498   Section        4  rtexit2.o(.ARM.Collect$$rtexit$$00000003)
    .ARM.Collect$$rtexit$$00000004           0x0000049c   Section        8  rtexit2.o(.ARM.Collect$$rtexit$$00000004)
    .text                                    0x000004a4   Section       36  startup.o(.text)
    .text                                    0x000004c8   Section        0  ciu98320a_interrupt.o(.text)
    .text                                    0x00000528   Section        0  ciu98320a_main.o(.text)
    .text                                    0x00000670   Section        0  ciu98320a_i2c_master.o(.text)
    .text                                    0x00000910   Section        0  ciu98320a_sysclk.o(.text)
    .text                                    0x0000097c   Section        0  ciu98320a_gpio.o(.text)
    .text                                    0x000009f4   Section       16  aeabi_memset.o(.text)
    .text                                    0x00000a04   Section       64  rt_memclr.o(.text)
    .text                                    0x00000a44   Section        0  heapauxi.o(.text)
    .text                                    0x00000a4c   Section       84  rt_memclr_w.o(.text)
    .text                                    0x00000aa0   Section       96  sys_stackheap_outer.o(.text)
    .text                                    0x00000b00   Section        0  exit.o(.text)
    .text                                    0x00000b0c   Section       12  libspace.o(.text)
    .text                                    0x00000b18   Section       12  rt_fp_status_addr_intlibspace.o(.text)
    .text                                    0x00000b2c   Section        0  sys_exit.o(.text)
    .text                                    0x00000b38   Section        4  use_no_semi.o(.text)
    .text                                    0x00000b3c   Section        0  indicate_semi.o(.text)
    x$fpl$fpinit                             0x00000b40   Section       24  fpinit.o(x$fpl$fpinit)
    .bss                                     0x000d0000   Section      128  ciu98320a_main.o(.bss)
    .bss                                     0x000d0080   Section       96  libspace.o(.bss)
    HEAP                                     0x000d00e0   Section     4096  startup.o(HEAP)
    Heap_Mem                                 0x000d00e0   Data        4096  startup.o(HEAP)
    STACK                                    0x000d10e0   Section     1168  startup.o(STACK)
    Stack_Mem                                0x000d10e0   Data         512  startup.o(STACK)
    Stack_Top                                0x000d1570   Data           0  startup.o(STACK)

    Global Symbols

    Symbol Name                              Value     Ov Type        Size  Object(Section)

    BuildAttributes$$THM_ISAv1$ARM_ISAv4$S$PE$A:L22$X:L11$S22$IEEE1$IW$USESV6$~STKCKD$USESV7$~SHL$OSPACE$ROPI$EBA8$UX$STANDARDLIB$REQ8$PRES8$EABIv2 0x00000000   Number         0  anon$$obj.o ABSOLUTE
    __ARM_use_no_argv                        0x00000000   Number         0  ciu98320a_main.o ABSOLUTE
    __ARM_exceptions_init                     - Undefined Weak Reference
    __alloca_initialize                       - Undefined Weak Reference
    __cpp_initialize__aeabi_                  - Undefined Weak Reference
    __cxa_finalize                            - Undefined Weak Reference
    __rt_locale                               - Undefined Weak Reference
    __sigvec_lookup                           - Undefined Weak Reference
    _atexit_init                              - Undefined Weak Reference
    _call_atexit_fns                          - Undefined Weak Reference
    _clock_init                               - Undefined Weak Reference
    _fp_trap_init                             - Undefined Weak Reference
    _fp_trap_shutdown                         - Undefined Weak Reference
    _get_lc_collate                           - Undefined Weak Reference
    _get_lc_ctype                             - Undefined Weak Reference
    _get_lc_monetary                          - Undefined Weak Reference
    _get_lc_numeric                           - Undefined Weak Reference
    _get_lc_time                              - Undefined Weak Reference
    _getenv_init                              - Undefined Weak Reference
    _handle_redirection                       - Undefined Weak Reference
    _init_alloc                               - Undefined Weak Reference
    _init_user_alloc                          - Undefined Weak Reference
    _initio                                   - Undefined Weak Reference
    _rand_init                                - Undefined Weak Reference
    _signal_finish                            - Undefined Weak Reference
    _signal_init                              - Undefined Weak Reference
    _terminate_alloc                          - Undefined Weak Reference
    _terminate_user_alloc                     - Undefined Weak Reference
    _terminateio                              - Undefined Weak Reference
    ISR0_Body                                0x00000100   ARM Code      16  startup.o(RESET)
    ISR1_Body                                0x00000110   ARM Code      16  startup.o(RESET)
    ISR2_Body                                0x00000120   ARM Code      16  startup.o(RESET)
    ISR3_Body                                0x00000130   ARM Code      16  startup.o(RESET)
    ISR4_Body                                0x00000140   ARM Code      16  startup.o(RESET)
    ISR5_Body                                0x00000150   ARM Code      16  startup.o(RESET)
    ISR6_Body                                0x00000160   ARM Code      16  startup.o(RESET)
    ISR7_Body                                0x00000170   ARM Code      16  startup.o(RESET)
    ISR8_Body                                0x00000180   ARM Code      16  startup.o(RESET)
    ISR9_Body                                0x00000190   ARM Code      16  startup.o(RESET)
    ISR10_Body                               0x000001a0   ARM Code      16  startup.o(RESET)
    ISR11_Body                               0x000001b0   ARM Code      16  startup.o(RESET)
    ISR12_Body                               0x000001c0   ARM Code      12  startup.o(RESET)
    ISR13_Body                               0x000001cc   ARM Code      16  startup.o(RESET)
    ISR14_Body                               0x000001dc   ARM Code      16  startup.o(RESET)
    ISR15_Body                               0x000001ec   ARM Code      12  startup.o(RESET)
    ISR16_Body                               0x000001f8   ARM Code      12  startup.o(RESET)
    ISR17_Body                               0x00000204   ARM Code      16  startup.o(RESET)
    ISR18_Body                               0x00000214   ARM Code      16  startup.o(RESET)
    ISR19_Body                               0x00000224   ARM Code      16  startup.o(RESET)
    ISR20_Body                               0x00000234   ARM Code      16  startup.o(RESET)
    ISR21_Body                               0x00000244   ARM Code      16  startup.o(RESET)
    ISR22_Body                               0x00000254   ARM Code      12  startup.o(RESET)
    ISR23_Body                               0x00000260   ARM Code      16  startup.o(RESET)
    ISR24_Body                               0x00000270   ARM Code      12  startup.o(RESET)
    ISR25_Body                               0x0000027c   ARM Code      16  startup.o(RESET)
    ISR26_Body                               0x0000028c   ARM Code      12  startup.o(RESET)
    ISR27_Body                               0x00000298   ARM Code      16  startup.o(RESET)
    ISR28_Body                               0x000002a8   ARM Code      12  startup.o(RESET)
    ISR29_Body                               0x000002b4   ARM Code      12  startup.o(RESET)
    ISR30_Body                               0x000002c0   ARM Code      12  startup.o(RESET)
    ISR31_Body                               0x000002cc   ARM Code      12  startup.o(RESET)
    Reset_Handler                            0x000002d8   ARM Code       0  startup.o(RESET)
    DAbt_Handler                             0x00000334   ARM Code      32  startup.o(RESET)
    PAbt_Handler                             0x00000354   ARM Code      32  startup.o(RESET)
    SWI_Handler                              0x00000374   ARM Code       8  startup.o(RESET)
    IRQ_Handler                              0x0000037c   ARM Code      24  startup.o(RESET)
    FIQ_Handler                              0x00000394   ARM Code      24  startup.o(RESET)
    __main                                   0x000003bc   ARM Code       8  __main.o(!!!main)
    __scatterload                            0x000003c4   ARM Code       0  __scatter.o(!!!scatter)
    __scatterload_rt2                        0x000003c4   ARM Code      52  __scatter.o(!!!scatter)
    __scatterload_null                       0x000003d8   ARM Code       0  __scatter.o(!!!scatter)
    __scatterload_zeroinit                   0x00000400   ARM Code      44  __scatter_zi.o(!!handler_zi)
    Inline ARM to Thumb Veneer to __rt_lib_init 0x0000042c   ARM Code       8  libinit.o(.ARM.Collect$$libinit$$00000000)
    __rt_lib_init                            0x00000435   Thumb Code     0  libinit.o(.ARM.Collect$$libinit$$00000000)
    __rt_lib_init_alloca_1                   0x0000043b   Thumb Code     0  libinit2.o(.ARM.Collect$$libinit$$0000002A)
    __rt_lib_init_argv_1                     0x0000043b   Thumb Code     0  libinit2.o(.ARM.Collect$$libinit$$00000028)
    __rt_lib_init_atexit_1                   0x0000043b   Thumb Code     0  libinit2.o(.ARM.Collect$$libinit$$00000017)
    __rt_lib_init_clock_1                    0x0000043b   Thumb Code     0  libinit2.o(.ARM.Collect$$libinit$$0000001D)
    __rt_lib_init_cpp_1                      0x0000043b   Thumb Code     0  libinit2.o(.ARM.Collect$$libinit$$0000002E)
    __rt_lib_init_exceptions_1               0x0000043b   Thumb Code     0  libinit2.o(.ARM.Collect$$libinit$$0000002C)
    __rt_lib_init_fp_trap_1                  0x0000043b   Thumb Code     0  libinit2.o(.ARM.Collect$$libinit$$0000001B)
    __rt_lib_init_getenv_1                   0x0000043b   Thumb Code     0  libinit2.o(.ARM.Collect$$libinit$$0000001F)
    __rt_lib_init_heap_1                     0x0000043b   Thumb Code     0  libinit2.o(.ARM.Collect$$libinit$$00000006)
    __rt_lib_init_lc_collate_1               0x0000043b   Thumb Code     0  libinit2.o(.ARM.Collect$$libinit$$0000000D)
    __rt_lib_init_lc_ctype_1                 0x0000043b   Thumb Code     0  libinit2.o(.ARM.Collect$$libinit$$0000000F)
    __rt_lib_init_lc_monetary_1              0x0000043b   Thumb Code     0  libinit2.o(.ARM.Collect$$libinit$$00000011)
    __rt_lib_init_lc_numeric_1               0x0000043b   Thumb Code     0  libinit2.o(.ARM.Collect$$libinit$$00000013)
    __rt_lib_init_lc_time_1                  0x0000043b   Thumb Code     0  libinit2.o(.ARM.Collect$$libinit$$00000015)
    __rt_lib_init_rand_1                     0x0000043b   Thumb Code     0  libinit2.o(.ARM.Collect$$libinit$$0000000A)
    __rt_lib_init_return                     0x0000043b   Thumb Code     0  libinit2.o(.ARM.Collect$$libinit$$0000002F)
    __rt_lib_init_signal_1                   0x0000043b   Thumb Code     0  libinit2.o(.ARM.Collect$$libinit$$00000019)
    __rt_lib_init_stdio_1                    0x0000043b   Thumb Code     0  libinit2.o(.ARM.Collect$$libinit$$00000021)
    __rt_lib_init_user_alloc_1               0x0000043b   Thumb Code     0  libinit2.o(.ARM.Collect$$libinit$$00000008)
    Inline ARM to Thumb Veneer to __rt_lib_shutdown 0x00000448   ARM Code       8  libshutdown.o(.ARM.Collect$$libshutdown$$00000000)
    __rt_lib_shutdown                        0x00000451   Thumb Code     0  libshutdown.o(.ARM.Collect$$libshutdown$$00000000)
    __rt_lib_shutdown_fp_trap_1              0x00000455   Thumb Code     0  libshutdown2.o(.ARM.Collect$$libshutdown$$00000006)
    __rt_lib_shutdown_heap_1                 0x00000455   Thumb Code     0  libshutdown2.o(.ARM.Collect$$libshutdown$$0000000E)
    __rt_lib_shutdown_return                 0x00000455   Thumb Code     0  libshutdown2.o(.ARM.Collect$$libshutdown$$0000000F)
    __rt_lib_shutdown_signal_1               0x00000455   Thumb Code     0  libshutdown2.o(.ARM.Collect$$libshutdown$$00000009)
    __rt_lib_shutdown_stdio_1                0x00000455   Thumb Code     0  libshutdown2.o(.ARM.Collect$$libshutdown$$00000003)
    __rt_lib_shutdown_user_alloc_1           0x00000455   Thumb Code     0  libshutdown2.o(.ARM.Collect$$libshutdown$$0000000B)
    __rt_entry                               0x0000045c   ARM Code       0  rtentry.o(.ARM.Collect$$rtentry$$00000000)
    __rt_entry_presh_1                       0x0000045c   ARM Code       0  rtentry2.o(.ARM.Collect$$rtentry$$00000002)
    __rt_entry_sh                            0x0000045c   ARM Code       0  rtentry4.o(.ARM.Collect$$rtentry$$00000004)
    __rt_entry_li                            0x00000464   ARM Code       0  rtentry2.o(.ARM.Collect$$rtentry$$0000000A)
    __rt_entry_postsh_1                      0x00000464   ARM Code       0  rtentry2.o(.ARM.Collect$$rtentry$$00000009)
    __rt_entry_main                          0x00000468   ARM Code       0  rtentry2.o(.ARM.Collect$$rtentry$$0000000D)
    __rt_entry_postli_1                      0x00000468   ARM Code       0  rtentry2.o(.ARM.Collect$$rtentry$$0000000C)
    Inline Thumb to ARM Veneer to __rt_exit  0x00000491   Thumb Code     4  rtexit.o(.ARM.Collect$$rtexit$$00000000)
    __rt_exit                                0x00000494   ARM Code       0  rtexit.o(.ARM.Collect$$rtexit$$00000000)
    __rt_exit_ls                             0x00000498   ARM Code       0  rtexit2.o(.ARM.Collect$$rtexit$$00000003)
    __rt_exit_prels_1                        0x00000498   ARM Code       0  rtexit2.o(.ARM.Collect$$rtexit$$00000002)
    __rt_exit_exit                           0x0000049c   ARM Code       0  rtexit2.o(.ARM.Collect$$rtexit$$00000004)
    __user_initial_stackheap                 0x000004a4   ARM Code       0  startup.o(.text)
    Timer1IrqHandler                         0x000004c8   ARM Code       4  ciu98320a_interrupt.o(.text)
    Timer2IrqHandler                         0x000004cc   ARM Code       4  ciu98320a_interrupt.o(.text)
    WatchDogIrqHandler                       0x000004d0   ARM Code       4  ciu98320a_interrupt.o(.text)
    FlashIrqHandler                          0x000004d4   ARM Code       4  ciu98320a_interrupt.o(.text)
    GpioIrqHandler                           0x000004d8   ARM Code       4  ciu98320a_interrupt.o(.text)
    Timer3IrqHandler                         0x000004dc   ARM Code       4  ciu98320a_interrupt.o(.text)
    DmaIrqHandler                            0x000004e0   ARM Code       4  ciu98320a_interrupt.o(.text)
    PllIrqHandler                            0x000004e4   ARM Code       4  ciu98320a_interrupt.o(.text)
    Slave7816RstIrqHandler                   0x000004e8   ARM Code       4  ciu98320a_interrupt.o(.text)
    Slave7816TxIrqHandler                    0x000004ec   ARM Code       4  ciu98320a_interrupt.o(.text)
    Slave7816RxIrqHandler                    0x000004f0   ARM Code       4  ciu98320a_interrupt.o(.text)
    Slave7816OverFlowIrqHandler              0x000004f4   ARM Code       4  ciu98320a_interrupt.o(.text)
    UsbIrqHandler                            0x000004f8   ARM Code       4  ciu98320a_interrupt.o(.text)
    Spi0IrqHandler                           0x000004fc   ARM Code       4  ciu98320a_interrupt.o(.text)
    I2CIrqHandler                            0x00000500   ARM Code       4  ciu98320a_interrupt.o(.text)
    UartIrqHandler                           0x00000504   ARM Code       4  ciu98320a_interrupt.o(.text)
    Master7816TxIrqHandler                   0x00000508   ARM Code       4  ciu98320a_interrupt.o(.text)
    Master7816RxIrqHandler                   0x0000050c   ARM Code       4  ciu98320a_interrupt.o(.text)
    Master7816OverFlowIrqHandler             0x00000510   ARM Code       4  ciu98320a_interrupt.o(.text)
    Spi2IrqHandler                           0x00000514   ARM Code       4  ciu98320a_interrupt.o(.text)
    PKEIrqHandler                            0x00000518   ARM Code       4  ciu98320a_interrupt.o(.text)
    SM1IrqHandler                            0x0000051c   ARM Code       4  ciu98320a_interrupt.o(.text)
    PAbtIrqHandler                           0x00000520   ARM Code       4  ciu98320a_interrupt.o(.text)
    DAbtIrqHandler                           0x00000524   ARM Code       4  ciu98320a_interrupt.o(.text)
    SysClkConfiguration                      0x00000528   ARM Code      60  ciu98320a_main.o(.text)
    main                                     0x00000564   ARM Code     260  ciu98320a_main.o(.text)
    I2CCtrlInit                              0x00000670   ARM Code      68  ciu98320a_i2c_master.o(.text)
    I2CGenerateStart                         0x000006b4   ARM Code     136  ciu98320a_i2c_master.o(.text)
    I2CGenerateReStart                       0x0000073c   ARM Code     136  ciu98320a_i2c_master.o(.text)
    I2CGenerateStop                          0x000007c4   ARM Code      24  ciu98320a_i2c_master.o(.text)
    I2CSendByte                              0x000007dc   ARM Code      96  ciu98320a_i2c_master.o(.text)
    I2CReceByteWithACK                       0x0000083c   ARM Code     104  ciu98320a_i2c_master.o(.text)
    I2CReceByteWithNAK                       0x000008a4   ARM Code     104  ciu98320a_i2c_master.o(.text)
    SysClkInit                               0x00000910   ARM Code     108  ciu98320a_sysclk.o(.text)
    GpioInit                                 0x0000097c   ARM Code      24  ciu98320a_gpio.o(.text)
    SetGpioXOut                              0x00000994   ARM Code      24  ciu98320a_gpio.o(.text)
    SetGpioXIn                               0x000009ac   ARM Code      24  ciu98320a_gpio.o(.text)
    SetGpioXHigh                             0x000009c4   ARM Code      24  ciu98320a_gpio.o(.text)
    SetGpioXLow                              0x000009dc   ARM Code      24  ciu98320a_gpio.o(.text)
    __aeabi_memset                           0x000009f4   ARM Code      16  aeabi_memset.o(.text)
    __aeabi_memclr                           0x00000a04   ARM Code       0  rt_memclr.o(.text)
    __rt_memclr                              0x00000a04   ARM Code      64  rt_memclr.o(.text)
    _memset                                  0x00000a08   ARM Code       0  rt_memclr.o(.text)
    __use_two_region_memory                  0x00000a45   Thumb Code     2  heapauxi.o(.text)
    __rt_heap_escrow$2region                 0x00000a47   Thumb Code     2  heapauxi.o(.text)
    __rt_heap_expand$2region                 0x00000a49   Thumb Code     2  heapauxi.o(.text)
    __aeabi_memclr4                          0x00000a4c   ARM Code       0  rt_memclr_w.o(.text)
    __aeabi_memclr8                          0x00000a4c   ARM Code       0  rt_memclr_w.o(.text)
    __rt_memclr_w                            0x00000a4c   ARM Code      84  rt_memclr_w.o(.text)
    _memset_w                                0x00000a50   ARM Code       0  rt_memclr_w.o(.text)
    __user_setup_stackheap                   0x00000aa0   ARM Code      96  sys_stackheap_outer.o(.text)
    exit                                     0x00000b01   Thumb Code    12  exit.o(.text)
    __user_libspace                          0x00000b0c   ARM Code      12  libspace.o(.text)
    __user_perproc_libspace                  0x00000b0c   ARM Code       0  libspace.o(.text)
    __user_perthread_libspace                0x00000b0c   ARM Code       0  libspace.o(.text)
    __rt_fp_status_addr                      0x00000b18   ARM Code      12  rt_fp_status_addr_intlibspace.o(.text)
    Inline ARM to Thumb Veneer to _sys_exit  0x00000b24   ARM Code       8  sys_exit.o(.text)
    _sys_exit                                0x00000b2d   Thumb Code     8  sys_exit.o(.text)
    __I$use$semihosting                      0x00000b38   ARM Code       0  use_no_semi.o(.text)
    __use_no_semihosting_swi                 0x00000b38   ARM Code       4  use_no_semi.o(.text)
    Inline Thumb to ARM Veneer to _fp_init   0x00000b3d   Thumb Code     4  fpinit.o(x$fpl$fpinit)
    __semihosting_library_function           0x00000b3c   ARM Code       0  indicate_semi.o(.text)
    _fp_init                                 0x00000b40   ARM Code      24  fpinit.o(x$fpl$fpinit)
    __fplib_config_pureend_doubles           0x00000b50   ARM Code       0  fpinit.o(x$fpl$fpinit)
    Region$$Table$$Base                      0x00000b58   Number         0  anon$$obj.o(Region$$Table)
    Region$$Table$$Limit                     0x00000b68   Number         0  anon$$obj.o(Region$$Table)
    TxBuff_For_Test                          0x000d0000   Data          64  ciu98320a_main.o(.bss)
    RxBuff_For_Test                          0x000d0040   Data          64  ciu98320a_main.o(.bss)
    __libspace_start                         0x000d0080   Data          96  libspace.o(.bss)
    __temporary_stack_top$libspace           0x000d00e0   Data           0  libspace.o(.bss)



==============================================================================

Memory Map of the image

  Image Entry point : 0x000003bc

  Load Region LR_IROM1 (Base: 0x00000000, Size: 0x00000b68, Max: 0x00050000, ABSOLUTE)

    Execution Region ER_IROM1 (Base: 0x00000000, Size: 0x00000b68, Max: 0x00050000, ABSOLUTE)

    Base Addr    Size         Type   Attr      Idx    E Section Name        Object

    0x00000000   0x000003bc   Code   RO            3    RESET               startup.o
    0x000003bc   0x00000008   Code   RO          111  * !!!main             c_t.l(__main.o)
    0x000003c4   0x0000003c   Code   RO          272    !!!scatter          c_t.l(__scatter.o)
    0x00000400   0x0000002c   Code   RO          274    !!handler_zi        c_t.l(__scatter_zi.o)
    0x0000042c   0x00000008   Ven    RO          140    .ARM.Collect$$libinit$$00000000  c_t.l(libinit.o)
    0x00000434   0x00000006   Code   RO          140    .ARM.Collect$$libinit$$00000000  c_t.l(libinit.o)
    0x0000043a   0x00000000   Code   RO          148    .ARM.Collect$$libinit$$00000006  c_t.l(libinit2.o)
    0x0000043a   0x00000000   Code   RO          150    .ARM.Collect$$libinit$$00000008  c_t.l(libinit2.o)
    0x0000043a   0x00000000   Code   RO          152    .ARM.Collect$$libinit$$0000000A  c_t.l(libinit2.o)
    0x0000043a   0x00000000   Code   RO          155    .ARM.Collect$$libinit$$0000000D  c_t.l(libinit2.o)
    0x0000043a   0x00000000   Code   RO          157    .ARM.Collect$$libinit$$0000000F  c_t.l(libinit2.o)
    0x0000043a   0x00000000   Code   RO          159    .ARM.Collect$$libinit$$00000011  c_t.l(libinit2.o)
    0x0000043a   0x00000000   Code   RO          161    .ARM.Collect$$libinit$$00000013  c_t.l(libinit2.o)
    0x0000043a   0x00000000   Code   RO          163    .ARM.Collect$$libinit$$00000015  c_t.l(libinit2.o)
    0x0000043a   0x00000000   Code   RO          165    .ARM.Collect$$libinit$$00000017  c_t.l(libinit2.o)
    0x0000043a   0x00000000   Code   RO          167    .ARM.Collect$$libinit$$00000019  c_t.l(libinit2.o)
    0x0000043a   0x00000000   Code   RO          169    .ARM.Collect$$libinit$$0000001B  c_t.l(libinit2.o)
    0x0000043a   0x00000000   Code   RO          171    .ARM.Collect$$libinit$$0000001D  c_t.l(libinit2.o)
    0x0000043a   0x00000000   Code   RO          173    .ARM.Collect$$libinit$$0000001F  c_t.l(libinit2.o)
    0x0000043a   0x00000000   Code   RO          175    .ARM.Collect$$libinit$$00000021  c_t.l(libinit2.o)
    0x0000043a   0x00000000   Code   RO          179    .ARM.Collect$$libinit$$00000028  c_t.l(libinit2.o)
    0x0000043a   0x00000000   Code   RO          181    .ARM.Collect$$libinit$$0000002A  c_t.l(libinit2.o)
    0x0000043a   0x00000000   Code   RO          183    .ARM.Collect$$libinit$$0000002C  c_t.l(libinit2.o)
    0x0000043a   0x00000000   Code   RO          185    .ARM.Collect$$libinit$$0000002E  c_t.l(libinit2.o)
    0x0000043a   0x0000000c   Code   RO          186    .ARM.Collect$$libinit$$0000002F  c_t.l(libinit2.o)
    0x00000446   0x00000002   PAD
    0x00000448   0x00000008   Ven    RO          211    .ARM.Collect$$libshutdown$$00000000  c_t.l(libshutdown.o)
    0x00000450   0x00000004   Code   RO          211    .ARM.Collect$$libshutdown$$00000000  c_t.l(libshutdown.o)
    0x00000454   0x00000000   Code   RO          225    .ARM.Collect$$libshutdown$$00000003  c_t.l(libshutdown2.o)
    0x00000454   0x00000000   Code   RO          228    .ARM.Collect$$libshutdown$$00000006  c_t.l(libshutdown2.o)
    0x00000454   0x00000000   Code   RO          231    .ARM.Collect$$libshutdown$$00000009  c_t.l(libshutdown2.o)
    0x00000454   0x00000000   Code   RO          233    .ARM.Collect$$libshutdown$$0000000B  c_t.l(libshutdown2.o)
    0x00000454   0x00000000   Code   RO          236    .ARM.Collect$$libshutdown$$0000000E  c_t.l(libshutdown2.o)
    0x00000454   0x00000006   Code   RO          237    .ARM.Collect$$libshutdown$$0000000F  c_t.l(libshutdown2.o)
    0x0000045a   0x00000002   PAD
    0x0000045c   0x00000000   Code   RO          113    .ARM.Collect$$rtentry$$00000000  c_t.l(rtentry.o)
    0x0000045c   0x00000000   Code   RO          117    .ARM.Collect$$rtentry$$00000002  c_t.l(rtentry2.o)
    0x0000045c   0x00000008   Code   RO          129    .ARM.Collect$$rtentry$$00000004  c_t.l(rtentry4.o)
    0x00000464   0x00000000   Code   RO          119    .ARM.Collect$$rtentry$$00000009  c_t.l(rtentry2.o)
    0x00000464   0x00000004   Code   RO          120    .ARM.Collect$$rtentry$$0000000A  c_t.l(rtentry2.o)
    0x00000468   0x00000000   Code   RO          122    .ARM.Collect$$rtentry$$0000000C  c_t.l(rtentry2.o)
    0x00000468   0x00000028   Code   RO          123    .ARM.Collect$$rtentry$$0000000D  c_t.l(rtentry2.o)
    0x00000490   0x00000004   Ven    RO          144    .ARM.Collect$$rtexit$$00000000  c_t.l(rtexit.o)
    0x00000494   0x00000004   Code   RO          144    .ARM.Collect$$rtexit$$00000000  c_t.l(rtexit.o)
    0x00000498   0x00000000   Code   RO          190    .ARM.Collect$$rtexit$$00000002  c_t.l(rtexit2.o)
    0x00000498   0x00000004   Code   RO          191    .ARM.Collect$$rtexit$$00000003  c_t.l(rtexit2.o)
    0x0000049c   0x00000008   Code   RO          192    .ARM.Collect$$rtexit$$00000004  c_t.l(rtexit2.o)
    0x000004a4   0x00000024   Code   RO            4    .text               startup.o
    0x000004c8   0x00000060   Code   RO           12    .text               ciu98320a_interrupt.o
    0x00000528   0x00000148   Code   RO           31    .text               ciu98320a_main.o
    0x00000670   0x000002a0   Code   RO           58    .text               ciu98320a_i2c_master.o
    0x00000910   0x0000006c   Code   RO           79    .text               ciu98320a_sysclk.o
    0x0000097c   0x00000078   Code   RO           91    .text               ciu98320a_gpio.o
    0x000009f4   0x00000010   Code   RO          105    .text               c_t.l(aeabi_memset.o)
    0x00000a04   0x00000040   Code   RO          107    .text               c_t.l(rt_memclr.o)
    0x00000a44   0x00000006   Code   RO          109    .text               c_t.l(heapauxi.o)
    0x00000a4a   0x00000002   PAD
    0x00000a4c   0x00000054   Code   RO          114    .text               c_t.l(rt_memclr_w.o)
    0x00000aa0   0x00000060   Code   RO          131    .text               c_t.l(sys_stackheap_outer.o)
    0x00000b00   0x0000000c   Code   RO          133    .text               c_t.l(exit.o)
    0x00000b0c   0x0000000c   Code   RO          141    .text               c_t.l(libspace.o)
    0x00000b18   0x0000000c   Code   RO          199    .text               c_t.l(rt_fp_status_addr_intlibspace.o)
    0x00000b24   0x00000008   Ven    RO          203    .text               c_t.l(sys_exit.o)
    0x00000b2c   0x0000000c   Code   RO          203    .text               c_t.l(sys_exit.o)
    0x00000b38   0x00000004   Code   RO          214    .text               c_t.l(use_no_semi.o)
    0x00000b3c   0x00000000   Code   RO          216    .text               c_t.l(indicate_semi.o)
    0x00000b3c   0x00000004   Ven    RO          187    x$fpl$fpinit        fz_ts.l(fpinit.o)
    0x00000b40   0x00000018   Code   RO          187    x$fpl$fpinit        fz_ts.l(fpinit.o)
    0x00000b58   0x00000010   Data   RO          270    Region$$Table       anon$$obj.o


    Execution Region RW_IRAM1 (Base: 0x000d0000, Size: 0x00001570, Max: 0x00008000, ABSOLUTE)

    Base Addr    Size         Type   Attr      Idx    E Section Name        Object

    0x000d0000   0x00000080   Zero   RW           32    .bss                ciu98320a_main.o
    0x000d0080   0x00000060   Zero   RW          142    .bss                c_t.l(libspace.o)
    0x000d00e0   0x00001000   Zero   RW            2    HEAP                startup.o
    0x000d10e0   0x00000490   Zero   RW            1    STACK               startup.o


==============================================================================

Image component sizes


      Code (inc. data)   RO Data    RW Data    ZI Data      Debug   Object Name

       120          0          0          0          0       1099   ciu98320a_gpio.o
       672          4          0          0          0       2692   ciu98320a_i2c_master.o
        96          0          0          0          0       5020   ciu98320a_interrupt.o
       328          8          0          0        128       2521   ciu98320a_main.o
       108          0          0          0          0        885   ciu98320a_sysclk.o
       992         64          0          0       5264       2244   startup.o

    ----------------------------------------------------------------------
      2316         76         16          0       5392      14461   Object Totals
         0          0         16          0          0          0   (incl. Generated)
         0          0          0          0          0          0   (incl. Padding)

    ----------------------------------------------------------------------

      Code (inc. data)   RO Data    RW Data    ZI Data      Debug   Library Member Name

         8          0          0          0          0         68   __main.o
        60          8          0          0          0          0   __scatter.o
        44          0          0          0          0          0   __scatter_zi.o
        16          0          0          0          0         68   aeabi_memset.o
        12          0          0          0          0         64   exit.o
         6          0          0          0          0        136   heapauxi.o
         0          0          0          0          0          0   indicate_semi.o
        14          0          0          0          0          0   libinit.o
        12          0          0          0          0          0   libinit2.o
        12          0          0          0          0          0   libshutdown.o
         6          0          0          0          0          0   libshutdown2.o
        12          4          0          0         96         68   libspace.o
        12          4          0          0          0         68   rt_fp_status_addr_intlibspace.o
        64          0          0          0          0         68   rt_memclr.o
        84          0          0          0          0         80   rt_memclr_w.o
         0          0          0          0          0          0   rtentry.o
        44          4          0          0          0          0   rtentry2.o
         8          0          0          0          0          0   rtentry4.o
         8          0          0          0          0          0   rtexit.o
        12          0          0          0          0          0   rtexit2.o
        20          4          0          0          0         60   sys_exit.o
        96          0          0          0          0         80   sys_stackheap_outer.o
         4          0          0          0          0         68   use_no_semi.o
        28          0          0          0          0         80   fpinit.o

    ----------------------------------------------------------------------
       588         24          0          0         96        908   Library Totals
         6          0          0          0          0          0   (incl. Padding)

    ----------------------------------------------------------------------

      Code (inc. data)   RO Data    RW Data    ZI Data      Debug   Library Name

       554         24          0          0         96        828   c_t.l
        28          0          0          0          0         80   fz_ts.l

    ----------------------------------------------------------------------
       588         24          0          0         96        908   Library Totals

    ----------------------------------------------------------------------

==============================================================================


      Code (inc. data)   RO Data    RW Data    ZI Data      Debug   

      2904        100         16          0       5488      14605   Grand Totals
      2904        100         16          0       5488      14605   ELF Image Totals
      2904        100         16          0          0          0   ROM Totals

==============================================================================

    Total RO  Size (Code + RO Data)                 2920 (   2.85kB)
    Total RW  Size (RW Data + ZI Data)              5488 (   5.36kB)
    Total ROM Size (Code + RO Data + RW Data)       2920 (   2.85kB)

==============================================================================

