<html>
<body>
<pre>
<h1>µVision Build Log</h1>
<h2>Project:</h2>
F:\Product Engineering Section III\XA1109_DEMO\CIU98320A_i2c\CIU98320A_i2c\Porject\CIU98320A_i2c_master.uvproj
Project File Date:  09/14/2012

<h2>Output:</h2>
Build target 'CIU98320A_i2c_master'
assembling Startup.s...
compiling CIU98320A_interrupt.c...
..\Src\CIU98320A_interrupt.c(21): error:  #5: cannot open source input file "CIU98320A.h": No such file or directory
compiling CIU98320A_main.c...
Target not created
Build target 'CIU98320A_i2c_master'
compiling CIU98320A_interrupt.c...
compiling CIU98320A_main.c...
linking...
Program Size: Code=1528 RO-data=16 RW-data=0 ZI-data=5360  
"..\Obj\CIU98320A_i2c_master.axf" - 0 Error(s), 0 Warning(s).
Clean started: Project: 'CIU98320A_i2c_master'
   deleting intermediate output files for target 'CIU98320A_i2c_master'
Build target 'CIU98320A_i2c_master'
assembling Startup.s...
compiling CIU98320A_interrupt.c...
compiling CIU98320A_main.c...
linking...
Program Size: Code=1528 RO-data=16 RW-data=0 ZI-data=5360  
"..\Obj\CIU98320A_i2c_master.axf" - 0 Error(s), 0 Warning(s).
Build target 'CIU98320A_i2c_master'
compiling CIU98320A_interrupt.c...
compiling CIU98320A_main.c...
linking...
Program Size: Code=1528 RO-data=16 RW-data=0 ZI-data=5360  
"..\Obj\CIU98320A_i2c_master.axf" - 0 Error(s), 0 Warning(s).
Clean started: Project: 'CIU98320A_i2c_master'
   deleting intermediate output files for target 'CIU98320A_i2c_master'
Build target 'CIU98320A_i2c_master'
assembling Startup.s...
compiling CIU98320A_interrupt.c...
compiling CIU98320A_main.c...
compiling CIU98320A_i2c_master.c...
linking...
Program Size: Code=1528 RO-data=16 RW-data=0 ZI-data=5360  
"..\Obj\CIU98320A_i2c_master.axf" - 0 Error(s), 0 Warning(s).
Build target 'CIU98320A_i2c_master'
compiling CIU98320A_interrupt.c...
compiling CIU98320A_i2c_master.c...
linking...
Program Size: Code=1528 RO-data=16 RW-data=0 ZI-data=5360  
"..\Obj\CIU98320A_i2c_master.axf" - 0 Error(s), 0 Warning(s).
Build target 'CIU98320A_i2c_master'
compiling CIU98320A_i2c_master.c...
..\Src\CIU98320A_i2c_master.c(26): error:  #20: identifier "UINT32" is undefined
..\Src\CIU98320A_i2c_master.c(28): warning:  #223-D: function "u32READ" declared implicitly
Target not created
Build target 'CIU98320A_i2c_master'
compiling CIU98320A_i2c_master.c...
..\Src\CIU98320A_i2c_master.c(27): warning:  #550-D: variable "regtmp" was set but never used
linking...
Program Size: Code=1528 RO-data=16 RW-data=0 ZI-data=5360  
"..\Obj\CIU98320A_i2c_master.axf" - 0 Error(s), 1 Warning(s).
Build target 'CIU98320A_i2c_master'
compiling CIU98320A_interrupt.c...
compiling CIU98320A_i2c_master.c...
linking...
Program Size: Code=1528 RO-data=16 RW-data=0 ZI-data=5360  
"..\Obj\CIU98320A_i2c_master.axf" - 0 Error(s), 0 Warning(s).
Build target 'CIU98320A_i2c_master'
compiling CIU98320A_i2c_master.c...
..\Src\CIU98320A_i2c_master.c(47): error:  #20: identifier "SYS_CLKCFG" is undefined
..\Src\CIU98320A_i2c_master.c(49): error:  #20: identifier "SYS_CLKPLLEN" is undefined
Target not created
Build target 'CIU98320A_i2c_master'
compiling CIU98320A_i2c_master.c...
linking...
Program Size: Code=1528 RO-data=16 RW-data=0 ZI-data=5360  
"..\Obj\CIU98320A_i2c_master.axf" - 0 Error(s), 0 Warning(s).
Clean started: Project: 'CIU98320A_i2c_master'
   deleting intermediate output files for target 'CIU98320A_i2c_master'
Build target 'CIU98320A_i2c_master'
assembling Startup.s...
compiling CIU98320A_interrupt.c...
compiling CIU98320A_main.c...
compiling CIU98320A_i2c_master.c...
linking...
Program Size: Code=1528 RO-data=16 RW-data=0 ZI-data=5360  
"..\Obj\CIU98320A_i2c_master.axf" - 0 Error(s), 0 Warning(s).
