BL51 BANKED LINKER/LOCATER V6.22                                                        12/11/2014  10:39:06  PAGE 1


BL51 BANKED LINKER/LOCATER V6.22, INVOKED BY:
D:\KEIL\C51\BIN\BL51.EXE .\obj\STARTUP.obj, .\obj\Test.obj, .\obj\IS8U256A_I2CSlave.obj, .\obj\IS8U256A_GPIO.obj TO .\ob
>> j\I2C-Test PRINT (.\lst\I2C-Test.m51) RAMSIZE (256) DISABLEWARNING (16)


MEMORY MODEL: SMALL


INPUT MODULES INCLUDED:
  .\obj\STARTUP.obj (?C_STARTUP)
  .\obj\Test.obj (TEST)
  .\obj\IS8U256A_I2CSlave.obj (IS8U256A_I2CSLAVE)
  .\obj\IS8U256A_GPIO.obj (IS8U256A_GPIO)
  D:\KEIL\C51\LIB\C51S.LIB (?C?LNOT)
  D:\KEIL\C51\LIB\C51S.LIB (?C?ULSHR)
  D:\KEIL\C51\LIB\C51S.LIB (?C?MEMSET)


LINK MAP OF MODULE:  .\obj\I2C-Test (?C_STARTUP)


            TYPE    BASE      LENGTH    RELOCATION   SEGMENT NAME
            -----------------------------------------------------

            * * * * * * *   D A T A   M E M O R Y   * * * * * * *
            REG     0000H     0008H     ABSOLUTE     "REG BANK 0"
            DATA    0008H     0004H     UNIT         ?DT?_GPIOSETINPUT?IS8U256A_GPIO
            DATA    000CH     0004H     UNIT         _DATA_GROUP_
            IDATA   0010H     0001H     UNIT         ?STACK

            * * * * * * *  X D A T A   M E M O R Y  * * * * * * *
            XDATA   0000H     0004H     UNIT         _XDATA_GROUP_
                    0004H     0FFCH                  *** GAP ***
            XDATA   1000H     0040H     ABSOLUTE     
                    1040H     0040H                  *** GAP ***
            XDATA   1080H     0040H     ABSOLUTE     

            * * * * * * *   C O D E   M E M O R Y   * * * * * * *
            CODE    0000H     0003H     ABSOLUTE     
            CODE    0003H     0134H     UNIT         ?PR?MAIN?TEST
            CODE    0137H     004CH     UNIT         ?C?LIB_CODE
            CODE    0183H     002FH     UNIT         ?PR?_GPIOSETINPUT?IS8U256A_GPIO
            CODE    01B2H     002FH     UNIT         ?PR?_GPIORESET?IS8U256A_GPIO
            CODE    01E1H     002CH     UNIT         ?PR?_GPIOSETOUTPUT?IS8U256A_GPIO
            CODE    020DH     002CH     UNIT         ?PR?_GPIOSET?IS8U256A_GPIO
            CODE    0239H     0020H     UNIT         ?PR?I2CSLAVEPREPARETOTRANSMIT?IS8U256A_I2CSLAVE
            CODE    0259H     0013H     UNIT         ?PR?_I2CSLAVESENDBYTE?IS8U256A_I2CSLAVE
            CODE    026CH     0011H     UNIT         ?PR?I2CSLAVERDYSET?IS8U256A_I2CSLAVE
            CODE    027DH     0010H     UNIT         ?PR?I2CSLAVEINIT?IS8U256A_I2CSLAVE
            CODE    028DH     0010H     UNIT         ?PR?GPIOINIT?IS8U256A_GPIO
            CODE    029DH     000EH     UNIT         ?PR?I2CSLAVERECEBYTE?IS8U256A_I2CSLAVE
            CODE    02ABH     000CH     UNIT         ?C_C51STARTUP
            CODE    02B7H     000BH     UNIT         ?PR?I2CSLAVERDYCLR?IS8U256A_I2CSLAVE



OVERLAY MAP OF MODULE:   .\obj\I2C-Test (?C_STARTUP)

BL51 BANKED LINKER/LOCATER V6.22                                                      12/11/2014  10:39:06  PAGE 2



SEGMENT                                            DATA_GROUP          XDATA_GROUP
  +--> CALLED SEGMENT                            START    LENGTH     START    LENGTH
------------------------------------------------------------------------------------
?C_C51STARTUP                                    -----    -----      -----    -----
  +--> ?PR?MAIN?TEST

?PR?MAIN?TEST                                    -----    -----      0000H    0004H
  +--> ?PR?GPIOINIT?IS8U256A_GPIO
  +--> ?PR?_GPIOSETOUTPUT?IS8U256A_GPIO
  +--> ?PR?_GPIORESET?IS8U256A_GPIO
  +--> ?PR?I2CSLAVEINIT?IS8U256A_I2CSLAVE
  +--> ?PR?I2CSLAVEPREPARETOTRANSMIT?IS8U256...
  +--> ?PR?I2CSLAVERECEBYTE?IS8U256A_I2CSLAVE
  +--> ?PR?_I2CSLAVESENDBYTE?IS8U256A_I2CSLAVE

?PR?_GPIOSETOUTPUT?IS8U256A_GPIO                 000CH    0004H      -----    -----

?PR?_GPIORESET?IS8U256A_GPIO                     000CH    0004H      -----    -----

?PR?I2CSLAVEPREPARETOTRANSMIT?IS8U256...         -----    -----      -----    -----
  +--> ?PR?I2CSLAVERDYSET?IS8U256A_I2CSLAVE
  +--> ?PR?I2CSLAVERDYCLR?IS8U256A_I2CSLAVE

?PR?I2CSLAVERDYSET?IS8U256A_I2CSLAVE             -----    -----      -----    -----
  +--> ?PR?_GPIOSET?IS8U256A_GPIO

?PR?_GPIOSET?IS8U256A_GPIO                       000CH    0004H      -----    -----

?PR?I2CSLAVERDYCLR?IS8U256A_I2CSLAVE             -----    -----      -----    -----
  +--> ?PR?_GPIORESET?IS8U256A_GPIO

?PR?I2CSLAVERECEBYTE?IS8U256A_I2CSLAVE           -----    -----      -----    -----
  +--> ?PR?I2CSLAVERDYSET?IS8U256A_I2CSLAVE
  +--> ?PR?I2CSLAVERDYCLR?IS8U256A_I2CSLAVE

?PR?_I2CSLAVESENDBYTE?IS8U256A_I2CSLAVE          -----    -----      -----    -----
  +--> ?PR?I2CSLAVERDYSET?IS8U256A_I2CSLAVE
  +--> ?PR?I2CSLAVERDYCLR?IS8U256A_I2CSLAVE



SYMBOL TABLE OF MODULE:  .\obj\I2C-Test (?C_STARTUP)

  VALUE           TYPE          NAME
  ----------------------------------

  -------         MODULE        ?C_STARTUP
  C:02ABH         SEGMENT       ?C_C51STARTUP
  I:0010H         SEGMENT       ?STACK
  C:0000H         PUBLIC        ?C_STARTUP
  D:00E0H         SYMBOL        ACC
  D:00F0H         SYMBOL        B
  D:0083H         SYMBOL        DPH
  D:0082H         SYMBOL        DPL
  N:0000H         SYMBOL        IBPSTACK
  N:0100H         SYMBOL        IBPSTACKTOP
BL51 BANKED LINKER/LOCATER V6.22                                                      12/11/2014  10:39:06  PAGE 3


  N:0080H         SYMBOL        IDATALEN
  C:02AEH         SYMBOL        IDATALOOP
  N:0000H         SYMBOL        PBPSTACK
  N:0100H         SYMBOL        PBPSTACKTOP
  N:0000H         SYMBOL        PDATALEN
  N:0000H         SYMBOL        PDATASTART
  N:0000H         SYMBOL        PPAGE
  N:0000H         SYMBOL        PPAGEENABLE
  D:00A0H         SYMBOL        PPAGE_SFR
  D:0081H         SYMBOL        SP
  C:02ABH         SYMBOL        STARTUP1
  N:0000H         SYMBOL        XBPSTACK
  N:0000H         SYMBOL        XBPSTACKTOP
  N:0000H         SYMBOL        XDATALEN
  N:0000H         SYMBOL        XDATASTART
  C:0000H         LINE#         126
  C:02ABH         LINE#         133
  C:02ADH         LINE#         134
  C:02AEH         LINE#         135
  C:02AFH         LINE#         136
  C:02B1H         LINE#         185
  C:02B4H         LINE#         196
  -------         ENDMOD        ?C_STARTUP

  -------         MODULE        TEST
  C:0000H         SYMBOL        _ICE_DUMMY_
  D:008EH         PUBLIC        CFCR
  D:00B8H         PUBLIC        DMACFG
  D:00B0H         PUBLIC        I2CSTATUS
  C:0003H         PUBLIC        main
  D:00B0H         PUBLIC        SCIMSSR
  D:00E8H         PUBLIC        RSTSTATE0
  D:0088H         PUBLIC        TCON
  D:00A0H         PUBLIC        SCISTXFCR
  D:00B0H         PUBLIC        SPICFG
  D:00D8H         PUBLIC        ECNTRL
  D:0098H         PUBLIC        SCISSR
  D:00A8H         PUBLIC        IEL
  X:1000H         PUBLIC        Buff1_for_Test
  X:1080H         PUBLIC        Buff2_for_Test
  D:00B0H         PUBLIC        UARTSR
  D:00C8H         PUBLIC        GPIOCTRL
  D:00D0H         PUBLIC        PSW
  -------         PROC          MAIN
  -------         DO            
  X:0000H         SYMBOL        i
  X:0001H         SYMBOL        bytelen
  X:0002H         SYMBOL        j
  C:0135H         SYMBOL        Error
  -------         ENDDO         
  C:0003H         LINE#         15
  C:0003H         LINE#         16
  C:0003H         LINE#         17
  C:0008H         LINE#         21
  C:000AH         LINE#         23
  C:000DH         LINE#         25
  C:0018H         LINE#         27
BL51 BANKED LINKER/LOCATER V6.22                                                      12/11/2014  10:39:06  PAGE 4


  C:0023H         LINE#         29
  C:0026H         LINE#         31
  C:0026H         LINE#         32
  C:0026H         LINE#         33
  C:0047H         LINE#         35
  C:004DH         LINE#         36
  C:004DH         LINE#         37
  C:0053H         LINE#         38
  C:0058H         LINE#         39
  C:0065H         LINE#         40
  C:0065H         LINE#         41
  C:0065H         LINE#         42
  C:0077H         LINE#         44
  C:007DH         LINE#         46
  C:0081H         LINE#         47
  C:0084H         LINE#         49
  C:0093H         LINE#         50
  C:00A5H         LINE#         51
  C:00ADH         LINE#         52
  C:00ADH         LINE#         54
  C:00CEH         LINE#         56
  C:00D6H         LINE#         57
  C:00D6H         LINE#         58
  C:00DCH         LINE#         59
  C:00E1H         LINE#         60
  C:00EFH         LINE#         61
  C:00EFH         LINE#         62
  C:00EFH         LINE#         63
  C:0101H         LINE#         65
  C:0107H         LINE#         67
  C:010BH         LINE#         68
  C:010EH         LINE#         69
  C:010EH         LINE#         71
  C:0135H         LINE#         73
  C:0135H         LINE#         75
  C:0135H         LINE#         76
  -------         ENDPROC       MAIN
  -------         ENDMOD        TEST

  -------         MODULE        IS8U256A_I2CSLAVE
  C:0000H         SYMBOL        _ICE_DUMMY_
  D:00B1H         PUBLIC        I2CCON
  D:00B8H         PUBLIC        DMACFG
  D:00B0H         PUBLIC        I2CSTATUS
  D:00B0H         PUBLIC        SCIMSSR
  D:00B2H         PUBLIC        I2CRDR
  D:00B4H         PUBLIC        I2CTDR
  D:00E8H         PUBLIC        RSTSTATE0
  C:0239H         PUBLIC        I2CSlavePrepareToTransmit
  D:0088H         PUBLIC        TCON
  D:00A0H         PUBLIC        SCISTXFCR
  D:00B0H         PUBLIC        SPICFG
  D:009CH         PUBLIC        COMCON
  D:00EEH         PUBLIC        COMSEL
  D:00D8H         PUBLIC        ECNTRL
  C:02B7H         PUBLIC        I2CSlaveRDYClr
  C:027DH         PUBLIC        I2CSlaveInit
BL51 BANKED LINKER/LOCATER V6.22                                                      12/11/2014  10:39:06  PAGE 5


  C:029DH         PUBLIC        I2CSlaveReceByte
  D:0098H         PUBLIC        SCISSR
  D:00A8H         PUBLIC        IEL
  D:00B3H         PUBLIC        I2CADDR
  C:0272H         PUBLIC        I2CSlaveRDYSet
  C:0259H         PUBLIC        _I2CSlaveSendByte
  D:0096H         PUBLIC        PCON1
  D:00B0H         PUBLIC        UARTSR
  D:009DH         PUBLIC        PCON2
  D:00C8H         PUBLIC        GPIOCTRL
  D:00D0H         PUBLIC        PSW
  -------         PROC          I2CSLAVEINIT
  C:027DH         LINE#         42
  C:027DH         LINE#         43
  C:027DH         LINE#         45
  C:0280H         LINE#         48
  C:0283H         LINE#         51
  C:0286H         LINE#         54
  C:0289H         LINE#         57
  C:028CH         LINE#         58
  -------         ENDPROC       I2CSLAVEINIT
  -------         PROC          I2CSLAVEPREPARETOTRANSMIT
  C:0239H         LINE#         66
  C:0239H         LINE#         67
  C:0239H         LINE#         68
  C:0239H         LINE#         69
  C:0239H         LINE#         71
  C:023CH         LINE#         74
  C:023FH         LINE#         77
  C:0244H         LINE#         80
  C:0249H         LINE#         83
  C:024EH         LINE#         84
  C:024EH         LINE#         87
  C:0253H         LINE#         88
  C:0256H         LINE#         90
  C:0258H         LINE#         91
  C:0258H         LINE#         93
  -------         ENDPROC       I2CSLAVEPREPARETOTRANSMIT
  -------         PROC          _I2CSLAVESENDBYTE
  D:0007H         SYMBOL        ch
  C:0259H         LINE#         101
  C:0259H         LINE#         102
  C:0259H         LINE#         104
  C:025EH         LINE#         105
  C:025EH         LINE#         107
  C:0260H         LINE#         110
  C:0260H         LINE#         113
  C:0260H         LINE#         116
  C:0263H         LINE#         119
  C:0266H         LINE#         122
  C:026BH         LINE#         123
  C:026BH         LINE#         124
  -------         ENDPROC       _I2CSLAVESENDBYTE
  -------         PROC          I2CSLAVERECEBYTE
  C:029DH         LINE#         132
  C:029DH         LINE#         133
  C:029DH         LINE#         135
BL51 BANKED LINKER/LOCATER V6.22                                                      12/11/2014  10:39:06  PAGE 6


  C:029DH         LINE#         138
  C:029DH         LINE#         141
  C:02A0H         LINE#         144
  C:02A3H         LINE#         147
  C:02A8H         LINE#         150
  C:02AAH         LINE#         151
  -------         ENDPROC       I2CSLAVERECEBYTE
  -------         PROC          L?0021
  -------         ENDPROC       L?0021
  -------         PROC          I2CSLAVERDYSET
  C:0272H         LINE#         159
  C:0272H         LINE#         160
  C:0272H         LINE#         166
  -------         ENDPROC       I2CSLAVERDYSET
  -------         PROC          I2CSLAVERDYCLR
  C:02B7H         LINE#         176
  C:02B7H         LINE#         177
  C:02B7H         LINE#         183
  -------         ENDPROC       I2CSLAVERDYCLR
  -------         ENDMOD        IS8U256A_I2CSLAVE

  -------         MODULE        IS8U256A_GPIO
  C:0000H         SYMBOL        _ICE_DUMMY_
  D:00CBH         PUBLIC        GPIODATA2
  D:00CEH         PUBLIC        GPIOPR1
  D:00CFH         PUBLIC        GPIOPR2
  D:00CAH         PUBLIC        GPIOCTRL1
  D:00CCH         PUBLIC        GPIOCTRL2
  D:00B8H         PUBLIC        DMACFG
  D:00B0H         PUBLIC        I2CSTATUS
  D:00B0H         PUBLIC        SCIMSSR
  D:00E8H         PUBLIC        RSTSTATE0
  D:0088H         PUBLIC        TCON
  C:01B2H         PUBLIC        _GPIOReset
  D:00A0H         PUBLIC        SCISTXFCR
  D:00B0H         PUBLIC        SPICFG
  D:009CH         PUBLIC        COMCON
  C:028DH         PUBLIC        GPIOInit
  D:00D8H         PUBLIC        ECNTRL
  D:00C7H         PUBLIC        GPIODATA
  D:00CDH         PUBLIC        GPIOPR
  D:0098H         PUBLIC        SCISSR
  D:00A8H         PUBLIC        IEL
  C:020DH         PUBLIC        _GPIOSet
  D:0096H         PUBLIC        PCON1
  D:00B0H         PUBLIC        UARTSR
  D:00C8H         PUBLIC        GPIOCTRL
  C:0183H         PUBLIC        _GPIOSetInput
  C:01E1H         PUBLIC        _GPIOSetOutput
  D:00D0H         PUBLIC        PSW
  D:00C9H         PUBLIC        GPIODATA1
  -------         PROC          GPIOINIT
  C:028DH         LINE#         36
  C:028DH         LINE#         37
  C:028DH         LINE#         39
  C:0290H         LINE#         42
  C:0293H         LINE#         45
BL51 BANKED LINKER/LOCATER V6.22                                                      12/11/2014  10:39:06  PAGE 7


  C:0296H         LINE#         48
  C:0299H         LINE#         51
  C:029CH         LINE#         52
  -------         ENDPROC       GPIOINIT
  -------         PROC          _GPIOSETINPUT
  D:0004H         SYMBOL        gpx
  -------         DO            
  D:0008H         SYMBOL        index
  -------         ENDDO         
  C:0183H         LINE#         60
  C:0183H         LINE#         61
  C:0183H         LINE#         62
  C:018EH         LINE#         65
  C:0191H         LINE#         68
  C:01A1H         LINE#         71
  C:01B1H         LINE#         72
  -------         ENDPROC       _GPIOSETINPUT
  -------         PROC          _GPIOSETOUTPUT
  D:0004H         SYMBOL        gpx
  -------         DO            
  D:000CH         SYMBOL        index
  -------         ENDDO         
  C:01E1H         LINE#         80
  C:01E1H         LINE#         81
  C:01E1H         LINE#         82
  C:01E9H         LINE#         85
  C:01ECH         LINE#         88
  C:01FCH         LINE#         91
  C:020CH         LINE#         92
  -------         ENDPROC       _GPIOSETOUTPUT
  -------         PROC          _GPIORESET
  D:0004H         SYMBOL        gpx
  -------         DO            
  D:000CH         SYMBOL        index
  -------         ENDDO         
  C:01B2H         LINE#         100
  C:01B2H         LINE#         101
  C:01B2H         LINE#         102
  C:01BDH         LINE#         105
  C:01C0H         LINE#         108
  C:01D0H         LINE#         111
  C:01E0H         LINE#         112
  -------         ENDPROC       _GPIORESET
  -------         PROC          _GPIOSET
  D:0004H         SYMBOL        gpx
  -------         DO            
  D:000CH         SYMBOL        index
  -------         ENDDO         
  C:020DH         LINE#         120
  C:020DH         LINE#         121
  C:020DH         LINE#         122
  C:0215H         LINE#         125
  C:0218H         LINE#         128
  C:0228H         LINE#         131
  C:0238H         LINE#         132
  -------         ENDPROC       _GPIOSET
  -------         ENDMOD        IS8U256A_GPIO
BL51 BANKED LINKER/LOCATER V6.22                                                      12/11/2014  10:39:06  PAGE 8



  -------         MODULE        ?C?LNOT
  C:0137H         PUBLIC        ?C?LNOT
  -------         ENDMOD        ?C?LNOT

  -------         MODULE        ?C?ULSHR
  C:0144H         PUBLIC        ?C?ULSHR
  -------         ENDMOD        ?C?ULSHR

  -------         MODULE        ?C?MEMSET
  C:0157H         PUBLIC        ?C?MEMSET
  -------         ENDMOD        ?C?MEMSET

Program Size: data=17.0 xdata=132 code=706
LINK/LOCATE RUN COMPLETE.  0 WARNING(S),  0 ERROR(S)
