<html>
<body>
<pre>
<h1>µVision Build Log</h1>
<h2>Project:</h2>
F:\Product Engineering Section III\XA1109_DEMO\CIU98320A_spi\CIU98320A_spi\project\CIU98320A_spi.uvproj
Project File Date:  09/03/2012

<h2>Output:</h2>
Build target 'CIU98320A_spi'
assembling Startup.s...
compiling CIU98320A_interrupt.c...
..\Source\CIU98320A_interrupt.c(21): error:  #5: cannot open source input file "CIU98320A.h": No such file or directory
compiling CIU98320A_main.c...
..\Source\CIU98320A_main.c(25): warning:  #1-D: last line of file ends without a newline
Target not created
Build target 'CIU98320A_spi'
compiling CIU98320A_interrupt.c...
compiling CIU98320A_main.c...
..\Source\CIU98320A_main.c(25): warning:  #1-D: last line of file ends without a newline
linking...
Program Size: Code=1528 RO-data=16 RW-data=0 ZI-data=5360  
"..\Obj\CIU98320A_spi.axf" - 0 Error(s), 1 Warning(s).
Build target 'CIU98320A_spi'
compiling CIU98320A_main.c...
linking...
Program Size: Code=1528 RO-data=16 RW-data=0 ZI-data=5360  
"..\Obj\CIU98320A_spi.axf" - 0 Error(s), 0 Warning(s).
Build target 'CIU98320A_spi'
linking...
Program Size: Code=1528 RO-data=16 RW-data=0 ZI-data=5360  
"..\Obj\CIU98320A_spi.axf" - 0 Error(s), 0 Warning(s).
Build target 'CIU98320A_spi'
compiling CIU98320A_interrupt.c...
compiling CIU98320A_main.c...
compiling CIU98320A_spi.c...
linking...
Program Size: Code=1528 RO-data=16 RW-data=0 ZI-data=5360  
"..\Obj\CIU98320A_spi.axf" - 0 Error(s), 0 Warning(s).
Build target 'CIU98320A_spi'
compiling CIU98320A_spi.c...
linking...
Program Size: Code=1528 RO-data=16 RW-data=0 ZI-data=5360  
"..\Obj\CIU98320A_spi.axf" - 0 Error(s), 0 Warning(s).
Build target 'CIU98320A_spi'
compiling CIU98320A_interrupt.c...
linking...
Program Size: Code=1528 RO-data=16 RW-data=0 ZI-data=5360  
"..\Obj\CIU98320A_spi.axf" - 0 Error(s), 0 Warning(s).
Build target 'CIU98320A_spi'
linking...
Program Size: Code=1528 RO-data=16 RW-data=0 ZI-data=5360  
"..\Obj\CIU98320A_spi.axf" - 0 Error(s), 0 Warning(s).
Build target 'CIU98320A_spi'
linking...
Program Size: Code=1528 RO-data=16 RW-data=0 ZI-data=5360  
"..\Obj\CIU98320A_spi.axf" - 0 Error(s), 0 Warning(s).
Build target 'CIU98320A_spi'
linking...
Program Size: Code=1528 RO-data=16 RW-data=0 ZI-data=5360  
"..\Obj\CIU98320A_spi.axf" - 0 Error(s), 0 Warning(s).
Build target 'CIU98320A_spi'
linking...
Program Size: Code=1528 RO-data=16 RW-data=0 ZI-data=5360  
"..\Obj\CIU98320A_spi.axf" - 0 Error(s), 0 Warning(s).
